\BOOKMARK [0][-]{chapter*.1}{\376\377\000A\000b\000s\000t\000r\000a\000c\000t}{}% 1
\BOOKMARK [0][-]{chapter*.2}{\376\377\000R\000\351\000s\000u\000m\000\351}{}% 2
\BOOKMARK [0][-]{chapter*.6}{\376\377\000M\000o\000t\000s\000-\000c\000l\000\351\000s\000\040\000e\000t\000\040\000a\000c\000r\000o\000n\000y\000m\000e\000s}{}% 3
\BOOKMARK [1][-]{section*.7}{\376\377\000M\000o\000t\000s\000-\000c\000l\000\351\000s}{chapter*.6}% 4
\BOOKMARK [1][-]{section*.8}{\376\377\000A\000c\000r\000o\000n\000y\000m\000e\000s}{chapter*.6}% 5
\BOOKMARK [0][-]{chapter*.9}{\376\377\000I\000n\000t\000r\000o\000d\000u\000c\000t\000i\000o\000n\000\040\000g\000\351\000n\000\351\000r\000a\000l\000e}{}% 6
\BOOKMARK [0][-]{chapter.1}{\376\377\000P\000r\000\351\000s\000e\000n\000t\000a\000t\000i\000o\000n\000\040\000g\000\351\000n\000\351\000r\000a\000l\000e}{}% 7
\BOOKMARK [1][-]{section*.10}{\376\377\000I\000n\000t\000r\000o\000d\000u\000c\000t\000i\000o\000n}{chapter.1}% 8
\BOOKMARK [1][-]{section.1.1}{\376\377\000P\000r\000\351\000s\000e\000n\000t\000a\000t\000i\000o\000n\000\040\000d\000e\000\040\000l\000'\000e\000n\000t\000r\000e\000p\000r\000i\000s\000e\000\040\000d\000'\000a\000c\000c\000u\000e\000i\000l}{chapter.1}% 9
\BOOKMARK [2][-]{subsection.1.1.1}{\376\377\000P\000r\000\351\000s\000e\000n\000t\000a\000t\000i\000o\000n\000\040\000d\000e\000\040\000C\000a\000p\000g\000e\000m\000i\000n\000i\000\040\000e\000t\000\040\000d\000e\000\040\000C\000a\000p\000g\000e\000m\000i\000n\000i\000\040\000E\000n\000g\000i\000n\000e\000e\000r\000i\000n\000g}{section.1.1}% 10
\BOOKMARK [2][-]{subsection.1.1.2}{\376\377\000S\000t\000r\000u\000c\000t\000u\000r\000e\000\040\000o\000r\000g\000a\000n\000i\000s\000a\000t\000i\000o\000n\000n\000e\000l\000l\000e\000\040\000p\000e\000r\000t\000i\000n\000e\000n\000t\000e\000\040\000p\000o\000u\000r\000\040\000l\000e\000\040\000p\000r\000o\000j\000e\000t}{section.1.1}% 11
\BOOKMARK [2][-]{subsection.1.1.3}{\376\377\000S\000e\000r\000v\000i\000c\000e\000s\000\040\000e\000t\000\040\000p\000\351\000r\000i\000m\000\350\000t\000r\000e\000\040\000n\000u\000m\000\351\000r\000i\000q\000u\000e\000\040\000c\000o\000n\000c\000e\000r\000n\000\351\000s}{section.1.1}% 12
\BOOKMARK [1][-]{section.1.2}{\376\377\000P\000r\000\351\000s\000e\000n\000t\000a\000t\000i\000o\000n\000\040\000d\000u\000\040\000p\000r\000o\000j\000e\000t}{chapter.1}% 13
\BOOKMARK [2][-]{subsection.1.2.1}{\376\377\000P\000r\000o\000b\000l\000\351\000m\000a\000t\000i\000q\000u\000e}{section.1.2}% 14
\BOOKMARK [2][-]{subsection.1.2.2}{\376\377\000\311\000t\000u\000d\000e\000\040\000s\000y\000n\000t\000h\000\351\000t\000i\000q\000u\000e\000\040\000d\000e\000s\000\040\000s\000o\000l\000u\000t\000i\000o\000n\000s\000\040\000e\000x\000i\000s\000t\000a\000n\000t\000e\000s}{section.1.2}% 15
\BOOKMARK [2][-]{subsection.1.2.3}{\376\377\000\311\000t\000a\000t\000\040\000d\000e\000\040\000l\000'\000a\000r\000t\000\040\000s\000c\000i\000e\000n\000t\000i\000f\000i\000q\000u\000e\000\040\000e\000t\000\040\000p\000o\000s\000i\000t\000i\000o\000n\000n\000e\000m\000e\000n\000t}{section.1.2}% 16
\BOOKMARK [2][-]{subsection.1.2.4}{\376\377\000O\000b\000j\000e\000c\000t\000i\000f\000s\000\040\000d\000u\000\040\000p\000r\000o\000j\000e\000t}{section.1.2}% 17
\BOOKMARK [2][-]{subsection.1.2.5}{\376\377\000S\000o\000l\000u\000t\000i\000o\000n\000\040\000p\000r\000o\000p\000o\000s\000\351\000e}{section.1.2}% 18
\BOOKMARK [1][-]{section.1.3}{\376\377\000M\000\351\000t\000h\000o\000d\000o\000l\000o\000g\000i\000e\000\040\000a\000d\000o\000p\000t\000\351\000e}{chapter.1}% 19
\BOOKMARK [2][-]{subsection.1.3.1}{\376\377\000C\000h\000o\000i\000x\000\040\000d\000e\000\040\000l\000a\000\040\000m\000\351\000t\000h\000o\000d\000o\000l\000o\000g\000i\000e}{section.1.3}% 20
\BOOKMARK [2][-]{subsection.1.3.2}{\376\377\000C\000o\000m\000p\000a\000r\000a\000i\000s\000o\000n\000\040\000e\000n\000t\000r\000e\000\040\000a\000p\000p\000r\000o\000c\000h\000e\000s\000\040\000d\000e\000\040\000g\000e\000s\000t\000i\000o\000n\000\040\000d\000e\000\040\000p\000r\000o\000j\000e\000t}{section.1.3}% 21
\BOOKMARK [2][-]{subsection.1.3.3}{\376\377\000M\000\351\000t\000h\000o\000d\000o\000l\000o\000g\000i\000e\000\040\000r\000e\000t\000e\000n\000u\000e}{section.1.3}% 22
\BOOKMARK [1][-]{section*.17}{\376\377\000C\000o\000n\000c\000l\000u\000s\000i\000o\000n}{chapter.1}% 23
\BOOKMARK [0][-]{chapter.2}{\376\377\000P\000l\000a\000n\000i\000f\000i\000c\000a\000t\000i\000o\000n\000\040\000e\000t\000\040\000a\000r\000c\000h\000i\000t\000e\000c\000t\000u\000r\000e}{}% 24
\BOOKMARK [1][-]{section*.18}{\376\377\000I\000n\000t\000r\000o\000d\000u\000c\000t\000i\000o\000n}{chapter.2}% 25
\BOOKMARK [1][-]{section.2.1}{\376\377\000A\000n\000a\000l\000y\000s\000e\000\040\000d\000e\000s\000\040\000b\000e\000s\000o\000i\000n\000s\000\040\000e\000t\000\040\000s\000p\000\351\000c\000i\000f\000i\000c\000a\000t\000i\000o\000n}{chapter.2}% 26
\BOOKMARK [2][-]{subsection.2.1.1}{\376\377\000I\000d\000e\000n\000t\000i\000f\000i\000c\000a\000t\000i\000o\000n\000\040\000d\000e\000s\000\040\000a\000c\000t\000e\000u\000r\000s}{section.2.1}% 27
\BOOKMARK [2][-]{subsection.2.1.2}{\376\377\000E\000x\000i\000g\000e\000n\000c\000e\000s\000\040\000f\000o\000n\000c\000t\000i\000o\000n\000n\000e\000l\000l\000e\000s}{section.2.1}% 28
\BOOKMARK [2][-]{subsection.2.1.3}{\376\377\000E\000x\000i\000g\000e\000n\000c\000e\000s\000\040\000n\000o\000n\000\040\000f\000o\000n\000c\000t\000i\000o\000n\000n\000e\000l\000l\000e\000s}{section.2.1}% 29
\BOOKMARK [1][-]{section.2.2}{\376\377\000\311\000t\000u\000d\000e\000\040\000a\000n\000a\000l\000y\000t\000i\000q\000u\000e}{chapter.2}% 30
\BOOKMARK [2][-]{subsection.2.2.1}{\376\377\000D\000i\000a\000g\000r\000a\000m\000m\000e\000\040\000g\000l\000o\000b\000a\000l\000\040\000d\000e\000s\000\040\000c\000a\000s\000\040\000d\000'\000u\000t\000i\000l\000i\000s\000a\000t\000i\000o\000n}{section.2.2}% 31
\BOOKMARK [2][-]{subsection.2.2.2}{\376\377\000P\000r\000o\000c\000e\000s\000s\000u\000s\000\040\000m\000\351\000t\000i\000e\000r\000\040\000c\000i\000b\000l\000e}{section.2.2}% 32
\BOOKMARK [2][-]{subsection.2.2.3}{\376\377\000D\000i\000a\000g\000r\000a\000m\000m\000e\000\040\000d\000e\000\040\000c\000l\000a\000s\000s\000e\000s\000\040\000g\000l\000o\000b\000a\000l}{section.2.2}% 33
\BOOKMARK [2][-]{subsection.2.2.4}{\376\377\000V\000u\000e\000\040\000d\000'\000e\000n\000s\000e\000m\000b\000l\000e\000\040\000d\000u\000\040\000P\000r\000o\000d\000u\000c\000t\000\040\000B\000a\000c\000k\000l\000o\000g}{section.2.2}% 34
\BOOKMARK [2][-]{subsection.2.2.5}{\376\377\000D\000\351\000c\000o\000u\000p\000a\000g\000e\000\040\000e\000n\000\040\000s\000p\000r\000i\000n\000t\000s\000\040\000e\000t\000\040\000o\000b\000j\000e\000c\000t\000i\000f\000s}{section.2.2}% 35
\BOOKMARK [1][-]{section.2.3}{\376\377\000A\000r\000c\000h\000i\000t\000e\000c\000t\000u\000r\000e\000\040\000d\000u\000\040\000p\000r\000o\000j\000e\000t}{chapter.2}% 36
\BOOKMARK [2][-]{subsection.2.3.1}{\376\377\000A\000r\000c\000h\000i\000t\000e\000c\000t\000u\000r\000e\000\040\000e\000x\000t\000e\000r\000n\000e}{section.2.3}% 37
\BOOKMARK [2][-]{subsection.2.3.2}{\376\377\000A\000r\000c\000h\000i\000t\000e\000c\000t\000u\000r\000e\000\040\000a\000p\000p\000l\000i\000c\000a\000t\000i\000v\000e\000\040\000g\000l\000o\000b\000a\000l\000e}{section.2.3}% 38
\BOOKMARK [2][-]{subsection.2.3.3}{\376\377\000A\000r\000c\000h\000i\000t\000e\000c\000t\000u\000r\000e\000\040\000i\000n\000t\000e\000r\000n\000e}{section.2.3}% 39
\BOOKMARK [2][-]{subsection.2.3.4}{\376\377\000A\000r\000c\000h\000i\000t\000e\000c\000t\000u\000r\000e\000\040\000d\000u\000\040\000s\000o\000u\000s\000-\000s\000y\000s\000t\000\350\000m\000e\000\040\000I\000A}{section.2.3}% 40
\BOOKMARK [1][-]{section.2.4}{\376\377\000E\000n\000v\000i\000r\000o\000n\000n\000e\000m\000e\000n\000t\000\040\000d\000e\000\040\000d\000\351\000v\000e\000l\000o\000p\000p\000e\000m\000e\000n\000t\000\040\000e\000t\000\040\000t\000e\000c\000h\000n\000i\000q\000u\000e}{chapter.2}% 41
\BOOKMARK [2][-]{subsection.2.4.1}{\376\377\000O\000u\000t\000i\000l\000s\000\040\000d\000e\000\040\000g\000e\000s\000t\000i\000o\000n\000\040\000e\000t\000\040\000d\000e\000\040\000d\000o\000c\000u\000m\000e\000n\000t\000a\000t\000i\000o\000n}{section.2.4}% 42
\BOOKMARK [2][-]{subsection.2.4.2}{\376\377\000E\000n\000v\000i\000r\000o\000n\000n\000e\000m\000e\000n\000t\000\040\000d\000'\000e\000x\000\351\000c\000u\000t\000i\000o\000n\000\040\000e\000t\000\040\000d\000e\000\040\000d\000\351\000v\000e\000l\000o\000p\000p\000e\000m\000e\000n\000t}{section.2.4}% 43
\BOOKMARK [2][-]{subsection.2.4.3}{\376\377\000O\000u\000t\000i\000l\000s\000\040\000f\000r\000o\000n\000t\000-\000e\000n\000d}{section.2.4}% 44
\BOOKMARK [2][-]{subsection.2.4.4}{\376\377\000O\000u\000t\000i\000l\000s\000\040\000b\000a\000c\000k\000-\000e\000n\000d}{section.2.4}% 45
\BOOKMARK [2][-]{subsection.2.4.5}{\376\377\000A\000r\000c\000h\000i\000t\000e\000c\000t\000u\000r\000e\000\040\000d\000e\000\040\000l\000a\000\040\000b\000a\000s\000e\000\040\000d\000e\000\040\000d\000o\000n\000n\000\351\000e\000s}{section.2.4}% 46
\BOOKMARK [2][-]{subsection.2.4.6}{\376\377\000J\000u\000s\000t\000i\000f\000i\000c\000a\000t\000i\000o\000n\000\040\000s\000y\000n\000t\000h\000\351\000t\000i\000q\000u\000e\000\040\000d\000e\000s\000\040\000c\000h\000o\000i\000x\000\040\000t\000e\000c\000h\000n\000o\000l\000o\000g\000i\000q\000u\000e\000s}{section.2.4}% 47
\BOOKMARK [1][-]{section*.40}{\376\377\000C\000o\000n\000c\000l\000u\000s\000i\000o\000n}{chapter.2}% 48
\BOOKMARK [0][-]{chapter.3}{\376\377\000M\000o\000d\000u\000l\000e\000\040\0001\000\040\000:\000\040\000a\000c\000c\000\350\000s\000,\000\040\000i\000d\000e\000n\000t\000i\000t\000\351\000\040\000e\000t\000\040\000p\000o\000i\000n\000t\000s\000\040\000d\000'\000e\000n\000t\000r\000\351\000e\000\040\000p\000a\000r\000\040\000r\000\364\000l\000e}{}% 49
\BOOKMARK [1][-]{section*.41}{\376\377\000I\000n\000t\000r\000o\000d\000u\000c\000t\000i\000o\000n}{chapter.3}% 50
\BOOKMARK [1][-]{section.3.1}{\376\377\000S\000p\000r\000i\000n\000t\000\040\0001\000\040\000:\000\040\000o\000b\000j\000e\000c\000t\000i\000f\000\040\000e\000t\000\040\000p\000\351\000r\000i\000m\000\350\000t\000r\000e}{chapter.3}% 51
\BOOKMARK [2][-]{subsection.3.1.1}{\376\377\000O\000b\000j\000e\000c\000t\000i\000f\000\040\000d\000u\000\040\000s\000p\000r\000i\000n\000t}{section.3.1}% 52
\BOOKMARK [2][-]{subsection.3.1.2}{\376\377\000B\000a\000c\000k\000l\000o\000g\000\040\000d\000u\000\040\000s\000p\000r\000i\000n\000t}{section.3.1}% 53
\BOOKMARK [1][-]{section.3.2}{\376\377\000I\000m\000p\000l\000\351\000m\000e\000n\000t\000a\000t\000i\000o\000n\000\040\000d\000u\000\040\000s\000p\000r\000i\000n\000t}{chapter.3}% 54
\BOOKMARK [2][-]{subsection.3.2.1}{\376\377\000A\000n\000a\000l\000y\000s\000e\000\040\000d\000u\000\040\000s\000p\000r\000i\000n\000t}{section.3.2}% 55
\BOOKMARK [2][-]{subsection.3.2.2}{\376\377\000V\000u\000e\000\040\000f\000o\000n\000c\000t\000i\000o\000n\000n\000e\000l\000l\000e\000\040\000g\000l\000o\000b\000a\000l\000e}{section.3.2}% 56
\BOOKMARK [2][-]{subsection.3.2.3}{\376\377\000A\000u\000t\000h\000e\000n\000t\000i\000f\000i\000c\000a\000t\000i\000o\000n\000\040\000e\000t\000\040\000r\000e\000d\000i\000r\000e\000c\000t\000i\000o\000n\000\040\000p\000a\000r\000\040\000r\000\364\000l\000e}{section.3.2}% 57
\BOOKMARK [2][-]{subsection.3.2.4}{\376\377\000P\000r\000o\000t\000e\000c\000t\000i\000o\000n\000\040\000d\000u\000\040\000s\000h\000e\000l\000l\000\040\000e\000t\000\040\000c\000o\000n\000t\000r\000\364\000l\000e\000\040\000d\000'\000a\000c\000c\000\350\000s}{section.3.2}% 58
\BOOKMARK [2][-]{subsection.3.2.5}{\376\377\000A\000d\000m\000i\000n\000i\000s\000t\000r\000a\000t\000i\000o\000n\000\040\000d\000e\000s\000\040\000c\000o\000m\000p\000t\000e\000s}{section.3.2}% 59
\BOOKMARK [1][-]{section.3.3}{\376\377\000R\000\351\000a\000l\000i\000s\000a\000t\000i\000o\000n}{chapter.3}% 60
\BOOKMARK [2][-]{subsection.3.3.1}{\376\377\000P\000a\000g\000e\000\040\000d\000e\000\040\000c\000o\000n\000n\000e\000x\000i\000o\000n}{section.3.3}% 61
\BOOKMARK [2][-]{subsection.3.3.2}{\376\377\000S\000h\000e\000l\000l\000\040\000d\000e\000\040\000d\000a\000s\000h\000b\000o\000a\000r\000d\000\040\000p\000a\000r\000t\000a\000g\000\351}{section.3.3}% 62
\BOOKMARK [2][-]{subsection.3.3.3}{\376\377\000P\000r\000e\000m\000i\000\350\000r\000e\000\040\000v\000u\000e\000\040\000m\000\351\000t\000i\000e\000r\000\040\000:\000\040\000t\000a\000b\000l\000e\000a\000u\000\040\000d\000e\000\040\000b\000o\000r\000d\000\040\000T\000A}{section.3.3}% 63
\BOOKMARK [2][-]{subsection.3.3.4}{\376\377\000G\000e\000s\000t\000i\000o\000n\000\040\000d\000e\000s\000\040\000u\000t\000i\000l\000i\000s\000a\000t\000e\000u\000r\000s\000\040\000c\000\364\000t\000\351\000\040\000a\000d\000m\000i\000n\000i\000s\000t\000r\000a\000t\000i\000o\000n}{section.3.3}% 64
\BOOKMARK [1][-]{section.3.4}{\376\377\000A\000p\000p\000o\000r\000t\000\040\000d\000u\000\040\000m\000o\000d\000u\000l\000e}{chapter.3}% 65
\BOOKMARK [1][-]{section*.47}{\376\377\000C\000o\000n\000c\000l\000u\000s\000i\000o\000n}{chapter.3}% 66
\BOOKMARK [0][-]{chapter.4}{\376\377\000M\000o\000d\000u\000l\000e\000\040\0002\000\040\000:\000\040\000c\000a\000t\000a\000l\000o\000g\000u\000e\000\040\000d\000e\000\040\000C\000V\000\040\000e\000t\000\040\000g\000e\000s\000t\000i\000o\000n\000\040\000d\000e\000s\000\040\000o\000f\000f\000r\000e\000s\000\040\000d\000'\000e\000m\000p\000l\000o\000i}{}% 67
\BOOKMARK [1][-]{section*.48}{\376\377\000I\000n\000t\000r\000o\000d\000u\000c\000t\000i\000o\000n}{chapter.4}% 68
\BOOKMARK [1][-]{section.4.1}{\376\377\000S\000p\000r\000i\000n\000t\000\040\0002\000\040\000:\000\040\000o\000b\000j\000e\000c\000t\000i\000f\000\040\000e\000t\000\040\000p\000\351\000r\000i\000m\000\350\000t\000r\000e}{chapter.4}% 69
\BOOKMARK [2][-]{subsection.4.1.1}{\376\377\000O\000b\000j\000e\000c\000t\000i\000f\000\040\000d\000u\000\040\000s\000p\000r\000i\000n\000t}{section.4.1}% 70
\BOOKMARK [2][-]{subsection.4.1.2}{\376\377\000B\000a\000c\000k\000l\000o\000g\000\040\000d\000u\000\040\000s\000p\000r\000i\000n\000t}{section.4.1}% 71
\BOOKMARK [1][-]{section.4.2}{\376\377\000I\000m\000p\000l\000\351\000m\000e\000n\000t\000a\000t\000i\000o\000n\000\040\000d\000u\000\040\000s\000p\000r\000i\000n\000t}{chapter.4}% 72
\BOOKMARK [2][-]{subsection.4.2.1}{\376\377\000A\000n\000a\000l\000y\000s\000e\000\040\000d\000u\000\040\000s\000p\000r\000i\000n\000t}{section.4.2}% 73
\BOOKMARK [2][-]{subsection.4.2.2}{\376\377\000V\000u\000e\000\040\000f\000o\000n\000c\000t\000i\000o\000n\000n\000e\000l\000l\000e\000\040\000g\000l\000o\000b\000a\000l\000e}{section.4.2}% 74
\BOOKMARK [2][-]{subsection.4.2.3}{\376\377\000P\000i\000p\000e\000l\000i\000n\000e\000\040\000d\000'\000u\000p\000l\000o\000a\000d\000\040\000e\000t\000\040\000d\000'\000e\000n\000r\000i\000c\000h\000i\000s\000s\000e\000m\000e\000n\000t\000\040\000d\000'\000u\000n\000\040\000C\000V}{section.4.2}% 75
\BOOKMARK [2][-]{subsection.4.2.4}{\376\377\000I\000n\000d\000e\000x\000a\000t\000i\000o\000n\000\040\000s\000\351\000m\000a\000n\000t\000i\000q\000u\000e\000\040\000e\000t\000\040\000p\000r\000\351\000p\000a\000r\000a\000t\000i\000o\000n\000\040\000d\000u\000\040\000R\000A\000G}{section.4.2}% 76
\BOOKMARK [2][-]{subsection.4.2.5}{\376\377\000C\000r\000\351\000a\000t\000i\000o\000n\000\040\000d\000'\000u\000n\000e\000\040\000o\000f\000f\000r\000e\000\040\000e\000t\000\040\000a\000f\000f\000e\000c\000t\000a\000t\000i\000o\000n\000\040\000v\000e\000r\000s\000\040\000l\000e\000\040\000p\000i\000p\000e\000l\000i\000n\000e\000\040\000c\000a\000n\000d\000i\000d\000a\000t}{section.4.2}% 77
\BOOKMARK [1][-]{section.4.3}{\376\377\000R\000\351\000a\000l\000i\000s\000a\000t\000i\000o\000n}{chapter.4}% 78
\BOOKMARK [2][-]{subsection.4.3.1}{\376\377\000P\000a\000g\000e\000\040\000d\000e\000\040\000c\000a\000t\000a\000l\000o\000g\000u\000e\000\040\000d\000e\000s\000\040\000C\000V}{section.4.3}% 79
\BOOKMARK [2][-]{subsection.4.3.2}{\376\377\000U\000p\000l\000o\000a\000d\000\040\000e\000n\000\040\000a\000r\000r\000i\000\350\000r\000e\000-\000p\000l\000a\000n\000\040\000e\000t\000\040\000r\000o\000b\000u\000s\000t\000e\000s\000s\000e\000\040\000d\000'\000i\000n\000g\000e\000s\000t\000i\000o\000n}{section.4.3}% 80
\BOOKMARK [2][-]{subsection.4.3.3}{\376\377\000D\000\351\000t\000e\000c\000t\000i\000o\000n\000\040\000d\000e\000\040\000d\000o\000u\000b\000l\000o\000n\000s}{section.4.3}% 81
\BOOKMARK [2][-]{subsection.4.3.4}{\376\377\000P\000a\000g\000e\000\040\000J\000o\000b\000s}{section.4.3}% 82
\BOOKMARK [2][-]{subsection.4.3.5}{\376\377\000T\000e\000m\000p\000l\000a\000t\000e\000s\000\040\000e\000t\000\040\000f\000e\000r\000m\000e\000t\000u\000r\000e\000\040\000c\000o\000n\000t\000r\000\364\000l\000\351\000e\000\040\000d\000e\000s\000\040\000o\000f\000f\000r\000e\000s}{section.4.3}% 83
\BOOKMARK [2][-]{subsection.4.3.6}{\376\377\000P\000a\000g\000e\000\040\000d\000\351\000t\000a\000i\000l\000\040\000d\000'\000u\000n\000e\000\040\000o\000f\000f\000r\000e}{section.4.3}% 84
\BOOKMARK [1][-]{section.4.4}{\376\377\000A\000p\000p\000o\000r\000t\000\040\000d\000u\000\040\000m\000o\000d\000u\000l\000e}{chapter.4}% 85
\BOOKMARK [1][-]{section*.62}{\376\377\000C\000o\000n\000c\000l\000u\000s\000i\000o\000n}{chapter.4}% 86
\BOOKMARK [0][-]{chapter.5}{\376\377\000M\000o\000d\000u\000l\000e\000\040\0003\000\040\000:\000\040\000p\000i\000p\000e\000l\000i\000n\000e\000\040\000c\000a\000n\000d\000i\000d\000a\000t\000\040\000e\000t\000\040\000g\000e\000s\000t\000i\000o\000n\000\040\000d\000e\000s\000\040\000e\000n\000t\000r\000e\000t\000i\000e\000n\000s}{}% 87
\BOOKMARK [1][-]{section*.63}{\376\377\000I\000n\000t\000r\000o\000d\000u\000c\000t\000i\000o\000n}{chapter.5}% 88
\BOOKMARK [1][-]{section.5.1}{\376\377\000S\000p\000r\000i\000n\000t\000\040\0003\000\040\000:\000\040\000o\000b\000j\000e\000c\000t\000i\000f\000\040\000e\000t\000\040\000p\000\351\000r\000i\000m\000\350\000t\000r\000e}{chapter.5}% 89
\BOOKMARK [2][-]{subsection.5.1.1}{\376\377\000O\000b\000j\000e\000c\000t\000i\000f\000\040\000d\000u\000\040\000s\000p\000r\000i\000n\000t}{section.5.1}% 90
\BOOKMARK [2][-]{subsection.5.1.2}{\376\377\000B\000a\000c\000k\000l\000o\000g\000\040\000d\000u\000\040\000s\000p\000r\000i\000n\000t}{section.5.1}% 91
\BOOKMARK [1][-]{section.5.2}{\376\377\000I\000m\000p\000l\000\351\000m\000e\000n\000t\000a\000t\000i\000o\000n\000\040\000d\000u\000\040\000s\000p\000r\000i\000n\000t}{chapter.5}% 92
\BOOKMARK [2][-]{subsection.5.2.1}{\376\377\000A\000n\000a\000l\000y\000s\000e\000\040\000d\000u\000\040\000s\000p\000r\000i\000n\000t}{section.5.2}% 93
\BOOKMARK [2][-]{subsection.5.2.2}{\376\377\000V\000u\000e\000\040\000f\000o\000n\000c\000t\000i\000o\000n\000n\000e\000l\000l\000e\000\040\000g\000l\000o\000b\000a\000l\000e}{section.5.2}% 94
\BOOKMARK [2][-]{subsection.5.2.3}{\376\377\000C\000y\000c\000l\000e\000\040\000d\000e\000\040\000v\000i\000e\000\040\000d\000u\000\040\000c\000a\000n\000d\000i\000d\000a\000t}{section.5.2}% 95
\BOOKMARK [2][-]{subsection.5.2.4}{\376\377\000A\000f\000f\000e\000c\000t\000a\000t\000i\000o\000n\000\040\000p\000r\000o\000g\000r\000e\000s\000s\000i\000v\000e\000\040\000d\000e\000s\000\040\000r\000e\000s\000p\000o\000n\000s\000a\000b\000i\000l\000i\000t\000\351\000s}{section.5.2}% 96
\BOOKMARK [2][-]{subsection.5.2.5}{\376\377\000P\000l\000a\000n\000i\000f\000i\000c\000a\000t\000i\000o\000n\000\040\000d\000'\000u\000n\000\040\000e\000n\000t\000r\000e\000t\000i\000e\000n}{section.5.2}% 97
\BOOKMARK [2][-]{subsection.5.2.6}{\376\377\000R\000a\000p\000p\000o\000r\000t\000s\000\040\000d\000'\000e\000n\000t\000r\000e\000t\000i\000e\000n\000\040\000e\000t\000\040\000t\000r\000a\000n\000s\000i\000t\000i\000o\000n\000\040\000v\000e\000r\000s\000\040\000l\000'\000o\000n\000b\000o\000a\000r\000d\000i\000n\000g}{section.5.2}% 98
\BOOKMARK [2][-]{subsection.5.2.7}{\376\377\000H\000i\000s\000t\000o\000r\000i\000q\000u\000e\000\040\000a\000u\000d\000i\000t\000a\000b\000l\000e\000\040\000d\000e\000s\000\040\000t\000r\000a\000n\000s\000i\000t\000i\000o\000n\000s}{section.5.2}% 99
\BOOKMARK [1][-]{section.5.3}{\376\377\000R\000\351\000a\000l\000i\000s\000a\000t\000i\000o\000n}{chapter.5}% 100
\BOOKMARK [2][-]{subsection.5.3.1}{\376\377\000V\000u\000e\000\040\000M\000a\000n\000a\000g\000e\000r}{section.5.3}% 101
\BOOKMARK [2][-]{subsection.5.3.2}{\376\377\000V\000u\000e\000\040\000R\000H}{section.5.3}% 102
\BOOKMARK [2][-]{subsection.5.3.3}{\376\377\000C\000a\000l\000e\000n\000d\000r\000i\000e\000r\000\040\000e\000t\000\040\000c\000o\000o\000r\000d\000i\000n\000a\000t\000i\000o\000n\000\040\000t\000r\000a\000n\000s\000v\000e\000r\000s\000e}{section.5.3}% 103
\BOOKMARK [2][-]{subsection.5.3.4}{\376\377\000M\000\351\000m\000o\000i\000r\000e\000\040\000o\000p\000\351\000r\000a\000t\000i\000o\000n\000n\000e\000l\000l\000e\000\040\000d\000u\000\040\000p\000r\000o\000c\000e\000s\000s\000u\000s}{section.5.3}% 104
\BOOKMARK [2][-]{subsection.5.3.5}{\376\377\000A\000r\000t\000i\000c\000u\000l\000a\000t\000i\000o\000n\000\040\000a\000v\000e\000c\000\040\000l\000e\000s\000\040\000m\000o\000d\000u\000l\000e\000s\000\040\000I\000A}{section.5.3}% 105
\BOOKMARK [1][-]{section.5.4}{\376\377\000A\000p\000p\000o\000r\000t\000\040\000d\000u\000\040\000m\000o\000d\000u\000l\000e}{chapter.5}% 106
\BOOKMARK [1][-]{section*.77}{\376\377\000C\000o\000n\000c\000l\000u\000s\000i\000o\000n}{chapter.5}% 107
\BOOKMARK [0][-]{chapter.6}{\376\377\000M\000o\000d\000u\000l\000e\000\040\0004\000\040\000:\000\040\000i\000n\000t\000e\000l\000l\000i\000g\000e\000n\000c\000e\000\040\000a\000r\000t\000i\000f\000i\000c\000i\000e\000l\000l\000e\000,\000\040\000m\000a\000t\000c\000h\000i\000n\000g\000\040\000e\000t\000\040\000r\000e\000c\000h\000e\000r\000c\000h\000e\000\040\000a\000u\000g\000m\000e\000n\000t\000\351\000e}{}% 108
\BOOKMARK [1][-]{section*.78}{\376\377\000I\000n\000t\000r\000o\000d\000u\000c\000t\000i\000o\000n}{chapter.6}% 109
\BOOKMARK [1][-]{section.6.1}{\376\377\000S\000p\000r\000i\000n\000t\000\040\0004\000\040\000:\000\040\000o\000b\000j\000e\000c\000t\000i\000f\000\040\000e\000t\000\040\000p\000\351\000r\000i\000m\000\350\000t\000r\000e}{chapter.6}% 110
\BOOKMARK [2][-]{subsection.6.1.1}{\376\377\000O\000b\000j\000e\000c\000t\000i\000f\000\040\000d\000u\000\040\000s\000p\000r\000i\000n\000t}{section.6.1}% 111
\BOOKMARK [2][-]{subsection.6.1.2}{\376\377\000B\000a\000c\000k\000l\000o\000g\000\040\000d\000u\000\040\000s\000p\000r\000i\000n\000t}{section.6.1}% 112
\BOOKMARK [1][-]{section.6.2}{\376\377\000I\000m\000p\000l\000\351\000m\000e\000n\000t\000a\000t\000i\000o\000n\000\040\000d\000u\000\040\000s\000p\000r\000i\000n\000t}{chapter.6}% 113
\BOOKMARK [2][-]{subsection.6.2.1}{\376\377\000A\000n\000a\000l\000y\000s\000e\000\040\000d\000u\000\040\000s\000p\000r\000i\000n\000t}{section.6.2}% 114
\BOOKMARK [2][-]{subsection.6.2.2}{\376\377\000N\000i\000v\000e\000a\000u\000x\000\040\000d\000'\000i\000n\000t\000e\000l\000l\000i\000g\000e\000n\000c\000e\000\040\000d\000u\000\040\000p\000r\000o\000j\000e\000t}{section.6.2}% 115
\BOOKMARK [2][-]{subsection.6.2.3}{\376\377\000M\000a\000t\000c\000h\000i\000n\000g\000,\000\040\000s\000c\000r\000e\000e\000n\000i\000n\000g\000\040\000e\000t\000\040\000a\000u\000t\000o\000p\000i\000l\000o\000t}{section.6.2}% 116
\BOOKMARK [2][-]{subsection.6.2.4}{\376\377\000A\000g\000e\000n\000t\000\040\000c\000o\000n\000v\000e\000r\000s\000a\000t\000i\000o\000n\000n\000e\000l\000,\000\040\000r\000\351\000p\000o\000n\000s\000e\000s\000\040\000e\000x\000p\000l\000o\000i\000t\000a\000b\000l\000e\000s\000\040\000e\000t\000\040\000g\000a\000r\000d\000e\000-\000f\000o\000u\000s}{section.6.2}% 117
\BOOKMARK [1][-]{section.6.3}{\376\377\000V\000u\000e\000\040\000d\000y\000n\000a\000m\000i\000q\000u\000e}{chapter.6}% 118
\BOOKMARK [2][-]{subsection.6.3.1}{\376\377\000O\000r\000c\000h\000e\000s\000t\000r\000a\000t\000i\000o\000n\000\040\000a\000g\000e\000n\000t\000i\000q\000u\000e}{section.6.3}% 119
\BOOKMARK [2][-]{subsection.6.3.2}{\376\377\000P\000i\000p\000e\000l\000i\000n\000e\000\040\000R\000A\000G\000\040\000h\000y\000b\000r\000i\000d\000e}{section.6.3}% 120
\BOOKMARK [2][-]{subsection.6.3.3}{\376\377\000R\000\351\000\351\000c\000r\000i\000t\000u\000r\000e\000\040\000d\000e\000\040\000r\000e\000q\000u\000\352\000t\000e\000\040\000e\000t\000\040\000g\000e\000s\000t\000i\000o\000n\000\040\000d\000e\000\040\000l\000a\000\040\000c\000o\000m\000p\000l\000e\000x\000i\000t\000\351}{section.6.3}% 121
\BOOKMARK [1][-]{section.6.4}{\376\377\000R\000\351\000a\000l\000i\000s\000a\000t\000i\000o\000n}{chapter.6}% 122
\BOOKMARK [2][-]{subsection.6.4.1}{\376\377\000I\000A\000\040\000d\000a\000n\000s\000\040\000l\000e\000\040\000d\000\351\000t\000a\000i\000l\000\040\000d\000'\000u\000n\000e\000\040\000o\000f\000f\000r\000e}{section.6.4}% 123
\BOOKMARK [2][-]{subsection.6.4.2}{\376\377\000R\000e\000c\000h\000e\000r\000c\000h\000e\000\040\000s\000\351\000m\000a\000n\000t\000i\000q\000u\000e\000\040\000e\000t\000\040\000s\000e\000r\000v\000i\000c\000e\000s\000\040\000I\000A\000\040\000a\000v\000a\000n\000c\000\351\000s}{section.6.4}% 124
\BOOKMARK [2][-]{subsection.6.4.3}{\376\377\000A\000u\000t\000o\000p\000i\000l\000o\000t\000\040\000d\000'\000e\000n\000t\000r\000e\000t\000i\000e\000n}{section.6.4}% 125
\BOOKMARK [2][-]{subsection.6.4.4}{\376\377\000P\000a\000g\000e\000\040\000s\000t\000a\000t\000i\000s\000t\000i\000q\000u\000e\000s\000,\000\040\000w\000o\000r\000k\000s\000p\000a\000c\000e\000\040\000a\000g\000e\000n\000t\000i\000q\000u\000e\000\040\000e\000t\000\040\000r\000\351\000p\000o\000n\000s\000e\000s\000\040\000s\000o\000u\000r\000c\000\351\000e\000s}{section.6.4}% 126
\BOOKMARK [2][-]{subsection.6.4.5}{\376\377\000F\000o\000n\000c\000t\000i\000o\000n\000n\000e\000m\000e\000n\000t\000\040\000d\000\351\000t\000a\000i\000l\000l\000\351\000\040\000d\000u\000\040\000c\000h\000a\000t\000\040\000a\000n\000a\000l\000y\000t\000i\000q\000u\000e}{section.6.4}% 127
\BOOKMARK [1][-]{section.6.5}{\376\377\000\311\000v\000a\000l\000u\000a\000t\000i\000o\000n\000\040\000e\000t\000\040\000r\000\351\000s\000u\000l\000t\000a\000t\000s}{chapter.6}% 128
\BOOKMARK [2][-]{subsection.6.5.1}{\376\377\000A\000n\000a\000l\000y\000s\000e\000\040\000d\000e\000\040\000c\000o\000m\000p\000l\000e\000x\000i\000t\000\351\000,\000\040\000c\000o\000\373\000t\000\040\000e\000t\000\040\000p\000i\000s\000t\000e\000s\000\040\000d\000'\000o\000p\000t\000i\000m\000i\000s\000a\000t\000i\000o\000n}{section.6.5}% 129
\BOOKMARK [1][-]{section.6.6}{\376\377\000A\000p\000p\000o\000r\000t\000\040\000d\000u\000\040\000m\000o\000d\000u\000l\000e}{chapter.6}% 130
\BOOKMARK [1][-]{section*.98}{\376\377\000C\000o\000n\000c\000l\000u\000s\000i\000o\000n}{chapter.6}% 131
\BOOKMARK [0][-]{chapter.7}{\376\377\000M\000o\000d\000u\000l\000e\000\040\0005\000\040\000:\000\040\000n\000o\000t\000i\000f\000i\000c\000a\000t\000i\000o\000n\000s\000,\000\040\000a\000n\000a\000l\000y\000t\000i\000q\000u\000e\000,\000\040\000a\000d\000m\000i\000n\000i\000s\000t\000r\000a\000t\000i\000o\000n\000\040\000e\000t\000\040\000g\000o\000u\000v\000e\000r\000n\000a\000n\000c\000e}{}% 132
\BOOKMARK [1][-]{section*.99}{\376\377\000I\000n\000t\000r\000o\000d\000u\000c\000t\000i\000o\000n}{chapter.7}% 133
\BOOKMARK [1][-]{section.7.1}{\376\377\000S\000p\000r\000i\000n\000t\000\040\0005\000\040\000:\000\040\000o\000b\000j\000e\000c\000t\000i\000f\000\040\000e\000t\000\040\000p\000\351\000r\000i\000m\000\350\000t\000r\000e}{chapter.7}% 134
\BOOKMARK [2][-]{subsection.7.1.1}{\376\377\000O\000b\000j\000e\000c\000t\000i\000f\000\040\000d\000u\000\040\000s\000p\000r\000i\000n\000t}{section.7.1}% 135
\BOOKMARK [2][-]{subsection.7.1.2}{\376\377\000B\000a\000c\000k\000l\000o\000g\000\040\000d\000u\000\040\000s\000p\000r\000i\000n\000t}{section.7.1}% 136
\BOOKMARK [1][-]{section.7.2}{\376\377\000I\000m\000p\000l\000\351\000m\000e\000n\000t\000a\000t\000i\000o\000n\000\040\000d\000u\000\040\000s\000p\000r\000i\000n\000t}{chapter.7}% 137
\BOOKMARK [2][-]{subsection.7.2.1}{\376\377\000A\000n\000a\000l\000y\000s\000e\000\040\000d\000u\000\040\000s\000p\000r\000i\000n\000t}{section.7.2}% 138
\BOOKMARK [2][-]{subsection.7.2.2}{\376\377\000V\000u\000e\000\040\000f\000o\000n\000c\000t\000i\000o\000n\000n\000e\000l\000l\000e\000\040\000g\000l\000o\000b\000a\000l\000e}{section.7.2}% 139
\BOOKMARK [2][-]{subsection.7.2.3}{\376\377\000C\000h\000a\000\356\000n\000e\000\040\000d\000e\000\040\000n\000o\000t\000i\000f\000i\000c\000a\000t\000i\000o\000n\000\040\000e\000t\000\040\000d\000e\000\040\000c\000o\000m\000m\000u\000n\000i\000c\000a\000t\000i\000o\000n}{section.7.2}% 140
\BOOKMARK [2][-]{subsection.7.2.4}{\376\377\000S\000u\000p\000e\000r\000v\000i\000s\000i\000o\000n\000\040\000a\000d\000m\000i\000n\000i\000s\000t\000r\000a\000t\000e\000u\000r}{section.7.2}% 141
\BOOKMARK [2][-]{subsection.7.2.5}{\376\377\000A\000u\000d\000i\000t\000,\000\040\000l\000o\000g\000s\000\040\000e\000t\000\040\000e\000x\000p\000o\000r\000t\000s}{section.7.2}% 142
\BOOKMARK [2][-]{subsection.7.2.6}{\376\377\000C\000e\000n\000t\000r\000e\000\040\000d\000e\000\040\000g\000o\000u\000v\000e\000r\000n\000a\000n\000c\000e\000\040\000e\000t\000\040\000a\000u\000d\000i\000t\000\040\000c\000o\000n\000s\000o\000l\000i\000d\000\351}{section.7.2}% 143
\BOOKMARK [2][-]{subsection.7.2.7}{\376\377\000P\000r\000o\000t\000e\000c\000t\000i\000o\000n\000\040\000d\000e\000s\000\040\000d\000o\000n\000n\000\351\000e\000s\000\040\000p\000e\000r\000s\000o\000n\000n\000e\000l\000l\000e\000s\000\040\000e\000t\000\040\000c\000o\000n\000f\000o\000r\000m\000i\000t\000\351\000\040\000R\000G\000P\000D}{section.7.2}% 144
\BOOKMARK [2][-]{subsection.7.2.8}{\376\377\000A\000c\000c\000e\000s\000s\000i\000b\000i\000l\000i\000t\000\351\000\040\000e\000t\000\040\000v\000a\000l\000i\000d\000a\000t\000i\000o\000n\000\040\000U\000X}{section.7.2}% 145
\BOOKMARK [1][-]{section.7.3}{\376\377\000R\000\351\000a\000l\000i\000s\000a\000t\000i\000o\000n}{chapter.7}% 146
\BOOKMARK [2][-]{subsection.7.3.1}{\376\377\000C\000l\000o\000c\000h\000e\000\040\000d\000e\000\040\000n\000o\000t\000i\000f\000i\000c\000a\000t\000i\000o\000n\000\040\000e\000t\000\040\000c\000o\000m\000m\000u\000n\000i\000c\000a\000t\000i\000o\000n\000\040\000i\000n\000-\000a\000p\000p}{section.7.3}% 147
\BOOKMARK [2][-]{subsection.7.3.2}{\376\377\000T\000a\000b\000l\000e\000a\000u\000\040\000d\000e\000\040\000b\000o\000r\000d\000\040\000a\000d\000m\000i\000n\000i\000s\000t\000r\000a\000t\000e\000u\000r}{section.7.3}% 148
\BOOKMARK [2][-]{subsection.7.3.3}{\376\377\000A\000n\000a\000l\000y\000t\000i\000q\000u\000e\000\040\000a\000d\000m\000i\000n\000i\000s\000t\000r\000a\000t\000e\000u\000r}{section.7.3}% 149
\BOOKMARK [2][-]{subsection.7.3.4}{\376\377\000C\000e\000n\000t\000r\000e\000\040\000d\000e\000\040\000g\000o\000u\000v\000e\000r\000n\000a\000n\000c\000e}{section.7.3}% 150
\BOOKMARK [2][-]{subsection.7.3.5}{\376\377\000H\000i\000s\000t\000o\000r\000i\000q\000u\000e\000\040\000d\000'\000a\000c\000t\000i\000v\000i\000t\000\351\000\040\000e\000t\000\040\000l\000o\000g\000s\000\040\000d\000'\000e\000m\000a\000i\000l\000s}{section.7.3}% 151
\BOOKMARK [2][-]{subsection.7.3.6}{\376\377\000S\000u\000i\000v\000i\000\040\000d\000\351\000t\000a\000i\000l\000l\000\351\000\040\000d\000e\000\040\000l\000'\000o\000n\000b\000o\000a\000r\000d\000i\000n\000g}{section.7.3}% 152
\BOOKMARK [2][-]{subsection.7.3.7}{\376\377\000E\000x\000p\000o\000r\000t\000s\000\040\000e\000t\000\040\000i\000n\000t\000e\000r\000o\000p\000\351\000r\000a\000b\000i\000l\000i\000t\000\351}{section.7.3}% 153
\BOOKMARK [2][-]{subsection.7.3.8}{\376\377\000V\000\351\000r\000i\000f\000i\000c\000a\000t\000i\000o\000n\000\040\000d\000e\000\040\000d\000u\000r\000c\000i\000s\000s\000e\000m\000e\000n\000t\000\040\000r\000e\000l\000e\000a\000s\000e}{section.7.3}% 154
\BOOKMARK [1][-]{section.7.4}{\376\377\000A\000p\000p\000o\000r\000t\000\040\000d\000u\000\040\000m\000o\000d\000u\000l\000e}{chapter.7}% 155
\BOOKMARK [1][-]{section*.112}{\376\377\000C\000o\000n\000c\000l\000u\000s\000i\000o\000n}{chapter.7}% 156
\BOOKMARK [0][-]{chapter*.113}{\376\377\000C\000o\000n\000c\000l\000u\000s\000i\000o\000n\000\040\000g\000\351\000n\000\351\000r\000a\000l\000e}{}% 157
\BOOKMARK [0][-]{section*.127}{\376\377\000B\000i\000b\000l\000i\000o\000g\000r\000a\000p\000h\000i\000e\000\040\000e\000t\000\040\000w\000e\000b\000o\000g\000r\000a\000p\000h\000i\000e}{}% 158
